type event =
  | User_login of {
  user_id: int ;
  method_: string } 
  | Idle [@@deriving observe]
include
  struct
    let _ = fun (_ : event) -> ()
    let event_t =
      Observe.Type.sealv
        (Observe.Type.(|~)
           (Observe.Type.(|~)
              (Observe.Type.variant "event"
                 (fun __observe_case_0 ->
                    fun __observe_case_1 ->
                      fun __observe_value ->
                        match __observe_value with
                        | User_login
                            { user_id = __observe_field_0;
                              method_ = __observe_field_1 }
                            ->
                            __observe_case_0
                              (__observe_field_0, __observe_field_1)
                        | Idle -> __observe_case_1))
              (Observe.Type.case1 "User_login"
                 (Observe.Type.sealr
                    (Observe.Type.(|+)
                       (Observe.Type.(|+)
                          (Observe.Type.record "User_login"
                             (fun __observe_field_0 ->
                                fun __observe_field_1 ->
                                  (__observe_field_0, __observe_field_1)))
                          (Observe.Type.field "user_id" Observe.Type.int
                             (fun (__observe_field_0, _) -> __observe_field_0)))
                       (Observe.Type.field "method_" Observe.Type.string
                          (fun (_, __observe_field_1) -> __observe_field_1))))
                 (fun (__observe_field_0, __observe_field_1) ->
                    User_login
                      {
                        user_id = __observe_field_0;
                        method_ = __observe_field_1
                      }))) (Observe.Type.case0 "Idle" Idle))
    let _ = event_t
  end[@@ocaml.doc "@inline"][@@merlin.hide ]
